                                        Earth1:
$E2 $20                                 SEP #$20
                                        
                                        ;======================
                                        ; Controle
                                        ;======================
                                        
                                        ;direita
$A5 $21                                 lda $21 ;Joy1Press 
$29 $01                                 and #$01
$F0 $1B                                 BEQ ++
$A5 $30                                 LDA $30
$C9 $D0                                 CMP #$D0
$F0 $15                                 BEQ ++
$C9 $D1                                 CMP #$D1
$F0 $11                                 BEQ ++
$C9 $D2                                 CMP #$D2
$F0 $0D                                 BEQ ++
$C9 $D3                                 CMP #$D3
$F0 $09                                 BEQ ++
$C9 $D4                                 CMP #$D4
$F0 $05                                 BEQ ++
$E6 $30                                 INC $30
$20 $1B $81                             JSR WINDOW1SCROLLRIGHT ; Sombra >
                                        ++
                                        
                                        ;esquerda
$A5 $21                                 lda $21 ;Joy1Press 
$29 $02                                 and #$02
$F0 $1B                                 BEQ +
$A5 $30                                 LDA $30
$C9 $3E                                 CMP #$3E
$F0 $15                                 BEQ +
$C9 $3F                                 CMP #$3F
$F0 $11                                 BEQ +
$C9 $40                                 CMP #$40
$F0 $0D                                 BEQ +
$C9 $41                                 CMP #$41
$F0 $09                                 BEQ +
$C9 $42                                 CMP #$42
$F0 $05                                 BEQ +
$C6 $30                                 DEC $30
$20 $74 $81                             JSR WINDOW1SCROLLLEFT ; Sombra <
                                        +
                                        
                                        ;======================
                                        ; ANIMAÇÃO DO SPRITE
                                        ;======================
                                        
$E6 $32                                 inc $32
$A5 $32                                 LDA $32
$C9 $01                                 CMP #$01
$D0 $14                                 BNE +
$A2 $00 $00                             LDX #$0000
$8E $00 $08                             STX $0800
$C6 $31                                 DEC $31
$C6 $30                                 DEC $30
$A2 $7F $84                             LDX #earth1
$86 $00                                 STX $00
$A2 $50 $00                             LDX #$0050
$86 $50                                 STX $50
                                        
                                        +
$A5 $32                                 LDA $32
$C9 $04                                 CMP #$04
$D0 $1A                                 BNE +
$A2 $00 $20                             LDX #$2000
$8E $00 $08                             STX $0800
$C6 $31                                 DEC $31
$C6 $30                                 DEC $30
$E6 $30                                 INC $30
$E6 $30                                 INC $30
$E6 $30                                 INC $30
$A2 $F8 $84                             LDX #earth2
$86 $00                                 STX $00
$A2 $50 $00                             LDX #$0050
$86 $50                                 STX $50
                                        
                                        +
$A5 $32                                 LDA $32
$C9 $08                                 CMP #$08
$D0 $16                                 BNE +
$A2 $00 $40                             LDX #$4000
$8E $00 $08                             STX $0800
$E6 $31                                 INC $31
$E6 $30                                 INC $30
$E6 $30                                 INC $30
$A2 $71 $85                             LDX #earth3
$86 $00                                 STX $00
$A2 $5C $00                             LDX #$005C
$86 $50                                 STX $50
                                        
                                        +
$A5 $32                                 LDA $32
$C9 $0C                                 CMP #$0C
$D0 $12                                 BNE +
$A2 $00 $60                             LDX #$6000
$8E $00 $08                             STX $0800
$C6 $31                                 DEC $31
$A2 $F9 $85                             LDX #earth4
$86 $00                                 STX $00
$A2 $5C $00                             LDX #$005C
$86 $50                                 STX $50
                                        
                                        +
$A5 $32                                 LDA $32
$C9 $10                                 CMP #$10
$D0 $14                                 BNE +
$A2 $00 $80                             LDX #$8000
$8E $00 $08                             STX $0800
$C6 $30                                 dec $30
$C6 $30                                 DEC $30
$A2 $81 $86                             LDX #earth5
$86 $00                                 STX $00
$A2 $60 $00                             LDX #$0060
$86 $50                                 STX $50
                                        
                                        +
$A5 $32                                 LDA $32
$C9 $14                                 CMP #$14
$D0 $12                                 BNE +
$A2 $00 $A0                             LDX #$a000
$8E $00 $08                             STX $0800
$C6 $30                                 DEC $30
$A2 $0E $87                             LDX #earth6
$86 $00                                 STX $00
$A2 $58 $00                             LDX #$0058
$86 $50                                 STX $50
                                        +
$A5 $32                                 LDA $32
$C9 $18                                 CMP #$18
$D0 $16                                 BNE +
$A2 $00 $C0                             LDX #$c000
$8E $00 $08                             STX $0800
$E6 $31                                 INC $31
$E6 $30                                 INC $30
$C6 $30                                 DEC $30
$A2 $91 $87                             LDX #earth7
$86 $00                                 STX $00
$A2 $64 $00                             LDX #$0064
$86 $50                                 STX $50
                                        +
$A5 $32                                 LDA $32
$C9 $1C                                 CMP #$1C
$D0 $12                                 BNE +
$A2 $00 $E0                             LDX #$e000
$8E $00 $08                             STX $0800
$E6 $31                                 INC $31
$A2 $23 $88                             LDX #earth8
$86 $00                                 STX $00
$A2 $54 $00                             LDX #$0054
$86 $50                                 STX $50
                                        +
$A5 $32                                 LDA $32
$C9 $20                                 CMP #$20
$D0 $02                                 BNE +
$64 $32                                 stz $32
                                        +
                                        
$80 $4B                                 bra pulaDMArotina
                                        
                                        MinaDMArotina:
                                        ;======================
                                        ; DMA
                                        ;======================
$AE $33 $07                             LDX $0733
$EC $00 $08                             CPX $0800
$F0 $42                                 BEQ +++
                                        
$C2 $20                                 REP #$20
$A9 $00 $00                             LDA #DMAMina
$18                                     CLC
$6D $00 $08                             ADC $0800 ; OFFSET DA ORIGEM
$8D $02 $08                             STA $0802 ; LOCAL PARA DMAR 
                                        
$A9 $00 $43                             LDA #$4300   ; Direct page agora são os registros de DMA  
$5B                                     TCD
$E2 $20                                 SEP #$20
                                        
$A9 $80                                 LDA #$80            ; \ Increase on $2119 write.
$8D $15 $21                             STA $2115           ; /
                                        	
$A9 $01                                 LDA #$01
$85 $00                                 STA $00    ; ...2 regs write once. (4300)
$A9 $18                                 LDA #$18
$85 $01                                 STA $01    ; Writing to $2118 AND $2119. (4301)
$A9 $C2                                 LDA #$C2
$85 $04                                 STA $04      ; Bank where our data is. (4304)
                                        
$A0 $00 $60                             LDY #$6000
$8C $16 $21                             STY $2116    ; Local da VRAM
$AC $02 $08                             LDY $0802
$84 $02                                 STY $02      ; Adress where our data is. (4302)
$A0 $00 $1C                             LDY #$1C00
$84 $05                                 STY $05      ; Size of our data. (4305)
$A9 $01                                 LDA #$01
$8D $0B $42                             STA $420B    ; Iniciar DMA canal 0
                                        
$F4 $00 $00                             PEA $0000   ; Direct page agora NÃO são os registros de DMA  
$2B                                     PLD
                                        
$AE $00 $08                             LDX $0800
$8E $33 $07                             STX $0733
                                        +++
$60                                     RTS
                                        
                                        pulaDMArotina:
                                        
                                        ;======================
                                        ; OAM MEMES (DOR DE CABEÇA)
                                        ;======================
                                        ; Config
                                        
$64 $06                                 STZ $06
$A2 $00 $00                             ldx #$0000
$9B                                     TXY
                                        
                                        ;----------------
                                        ; X - Y
                                        ;----------------
$C2 $20                                 REP #$20
                                        -
$B1 $00                                 LDA ($00),y
$E2 $20                                 sep #$20
$18                                     CLC 
$65 $30                                 ADC $30
$EB                                     XBA 
$18                                     CLC 
$65 $31                                 ADC $31
$EB                                     XBA 
$C2 $20                                 rep #$20
$9D $00 $03                             STA $0300,x
$C8                                     INY
$C8                                     INY
$C8                                     INY
$C8                                     INY
$C8                                     INY
$E8                                     INX
$E8                                     INX
$E8                                     INX
$E8                                     INX
$E4 $50                                 CPX $50
$30 $E2                                 BMI -
                                        
$A2 $00 $00                             LDX #$0000
$9B                                     TXY
                                        
                                        ;----------------
                                        ; TILES
                                        ;----------------
$C8                                     INY
$C8                                     INY
                                        -
$B1 $00                                 LDA ($00),y
$9D $02 $03                             STA $0302,x
$C8                                     INY
$C8                                     INY
$C8                                     INY
$C8                                     INY
$C8                                     INY
$E8                                     INX
$E8                                     INX
$E8                                     INX
$E8                                     INX
$E4 $50                                 CPX $50
$30 $EE                                 BMI -
                                        
$A2 $00 $00                             LDX #$0000
$9B                                     TXY
                                        
$C2 $20                                 REP #$20
$A5 $50                                 LDA $50
$4A                                     LSR
$4A                                     LSR
$4A                                     LSR
$4A                                     LSR
$1A                                     INC A
$85 $52                                 STA $52
                                        
                                        ;----------------
                                        ;2º PAGE
                                        ;----------------
$E2 $20                                 SEP #$20
$C8                                     INY
$C8                                     INY
$C8                                     INY
$C8                                     INY
                                        -
$B1 $00                                 LDA ($00),y
$85 $06                                 STA $06
$C8                                     INY
$C8                                     INY
$C8                                     INY
$C8                                     INY
$C8                                     INY
$B1 $00                                 LDA ($00),y
$18                                     CLC 
$0A                                     ASL
$0A                                     ASL
$45 $06                                 EOR $06
$85 $06                                 STA $06
$C8                                     INY
$C8                                     INY
$C8                                     INY
$C8                                     INY
$C8                                     INY
$B1 $00                                 LDA ($00),y
$0A                                     ASL
$0A                                     ASL
$0A                                     ASL
$0A                                     ASL
$45 $06                                 EOR $06
$85 $06                                 STA $06
$C8                                     INY
$C8                                     INY
$C8                                     INY
$C8                                     INY
$C8                                     INY
$B1 $00                                 LDA ($00),y
$0A                                     ASL
$0A                                     ASL
$0A                                     ASL
$0A                                     ASL
$0A                                     ASL
$0A                                     ASL
$45 $06                                 EOR $06
$9D $00 $05                             STA $0500,x
$E8                                     INX
$C8                                     INY
$C8                                     INY
$C8                                     INY
$C8                                     INY
$C8                                     INY
$E4 $52                                 CPX $52
$30 $C3                                 BMI -
                                        
$60                                     RTS
                                        
                                        earth1:
                                        ;     p X  p Y  Tile Prop Size
$C2 $CE $00 $20 $02                     .db $C2, $CE, $00, $20, $02
$E2 $CE $04 $20 $02                     .db $E2, $CE, $04, $20, $02
$02 $CE $08 $20 $02                     .db $02, $CE, $08, $20, $02
$C2 $EE $40 $20 $02                     .db $C2, $EE, $40, $20, $02
$E2 $EE $44 $20 $02                     .db $E2, $EE, $44, $20, $02
$02 $EE $48 $20 $02                     .db $02, $EE, $48, $20, $02
$C2 $0E $80 $20 $02                     .db $C2, $0E, $80, $20, $02
$E2 $0E $84 $20 $02                     .db $E2, $0E, $84, $20, $02
$02 $0E $88 $20 $02                     .db $02, $0E, $88, $20, $02
$CA $2E $C1 $20 $00                     .db $CA, $2E, $C1, $20, $00
$DA $2E $C3 $20 $00                     .db $DA, $2E, $C3, $20, $00
$EA $2E $C5 $20 $00                     .db $EA, $2E, $C5, $20, $00
$FA $2E $C7 $20 $00                     .db $FA, $2E, $C7, $20, $00
$0A $2E $C9 $20 $00                     .db $0A, $2E, $C9, $20, $00
$12 $2E $CA $20 $00                     .db $12, $2E, $CA, $20, $00
$C2 $3E $0C $20 $02                     .db $C2, $3E, $0C, $20, $02
$08 $3E $AC $20 $02                     .db $08, $3E, $AC, $20, $02
$E2 $3E $4E $20 $00                     .db $E2, $3E, $4E, $20, $00
$1A $F6 $5B $20 $02                     .db $1A, $F6, $5B, $20, $02
$22 $0E $8C $20 $00                     .db $22, $0E, $8C, $20, $00
$E0 $00 $00 $00 $00 $E0 $00 $00 $00 $00 .db $E0, $00, $00, $00, $00, $E0, $00, $00, $00, $00
$E0 $00 $00 $00 $00 $E0 $00 $00 $00 $00 .db $E0, $00, $00, $00, $00, $E0, $00, $00, $00, $00
$80                                     .db $80 ;end of data
                                        ;----------------
                                        earth2:
$C2 $CE $00 $20 $02                     .db $C2, $CE, $00, $20, $02
$E2 $CE $04 $20 $02                     .db $E2, $CE, $04, $20, $02
$02 $CE $08 $20 $02                     .db $02, $CE, $08, $20, $02
$C2 $EE $40 $20 $02                     .db $C2, $EE, $40, $20, $02
$E2 $EE $44 $20 $02                     .db $E2, $EE, $44, $20, $02
$02 $EE $48 $20 $02                     .db $02, $EE, $48, $20, $02
$C2 $0E $80 $20 $02                     .db $C2, $0E, $80, $20, $02
$E2 $0E $84 $20 $02                     .db $E2, $0E, $84, $20, $02
$02 $0E $88 $20 $02                     .db $02, $0E, $88, $20, $02
$CA $2E $C1 $20 $00                     .db $CA, $2E, $C1, $20, $00
$DA $2E $C3 $20 $00                     .db $DA, $2E, $C3, $20, $00
$EA $2E $C5 $20 $00                     .db $EA, $2E, $C5, $20, $00
$FA $2E $C7 $20 $00                     .db $FA, $2E, $C7, $20, $00
$0A $2E $C9 $20 $00                     .db $0A, $2E, $C9, $20, $00
$12 $2E $CA $20 $00                     .db $12, $2E, $CA, $20, $00
$C2 $3E $0C $20 $02                     .db $C2, $3E, $0C, $20, $02
$05 $3E $AC $20 $02                     .db $05, $3E, $AC, $20, $02
$E2 $3E $4E $20 $00                     .db $E2, $3E, $4E, $20, $00
$1A $F6 $5B $20 $02                     .db $1A, $F6, $5B, $20, $02
$22 $0E $8C $20 $00                     .db $22, $0E, $8C, $20, $00
$E0 $00 $00 $00 $00 $E0 $00 $00 $00 $00 .db $E0, $00, $00, $00, $00, $E0, $00, $00, $00, $00
$E0 $00 $00 $00 $00 $E0 $00 $00 $00 $00 .db $E0, $00, $00, $00, $00, $E0, $00, $00, $00, $00
$80                                     .db $80 ;end of data
                                        ;----------------
                                        earth3:
$C0 $CB $00 $20 $02                     .db $C0, $CB, $00, $20, $02
$E0 $CB $04 $20 $02                     .db $E0, $CB, $04, $20, $02
$00 $CB $08 $20 $02                     .db $00, $CB, $08, $20, $02
$C0 $EB $40 $20 $02                     .db $C0, $EB, $40, $20, $02
$E0 $EB $44 $20 $02                     .db $E0, $EB, $44, $20, $02
$00 $EB $48 $20 $02                     .db $00, $EB, $48, $20, $02
$C0 $0B $80 $20 $00                     .db $C0, $0B, $80, $20, $00
$D0 $0B $82 $20 $00                     .db $D0, $0B, $82, $20, $00
$E0 $0B $84 $20 $00                     .db $E0, $0B, $84, $20, $00
$F0 $0B $86 $20 $00                     .db $F0, $0B, $86, $20, $00
$00 $0B $88 $20 $00                     .db $00, $0B, $88, $20, $00
$10 $0B $8A $20 $00                     .db $10, $0B, $8A, $20, $00
$20 $0B $8C $20 $00                     .db $20, $0B, $8C, $20, $00
$20 $EB $4C $20 $00                     .db $20, $EB, $4C, $20, $00
$20 $FB $6C $20 $00                     .db $20, $FB, $6C, $20, $00
$CB $1B $A0 $20 $02                     .db $CB, $1B, $A0, $20, $02
$EB $1B $A4 $20 $02                     .db $EB, $1B, $A4, $20, $02
$0B $1B $A8 $20 $02                     .db $0B, $1B, $A8, $20, $02
$C0 $3B $6E $20 $00                     .db $C0, $3B, $6E, $20, $00
$D0 $3B $4E $20 $00                     .db $D0, $3B, $4E, $20, $00
$DF $3B $8E $20 $00                     .db $DF, $3B, $8E, $20, $00
$C0 $3D $0C $20 $02                     .db $C0, $3D, $0C, $20, $02
$02 $3B $AC $20 $02                     .db $02, $3B, $AC, $20, $02
$E0 $00 $00 $00 $00 $E0 $00 $00 $00 $00 .db $E0, $00, $00, $00, $00, $E0, $00, $00, $00, $00
$E0 $00 $00 $00 $00 $E0 $00 $00 $00 $00 .db $E0, $00, $00, $00, $00, $E0, $00, $00, $00, $00
$80                                     .db $80 ;end of data
                                        ;----------------
                                        earth4:
$C1 $CE $00 $20 $02                     .db $C1, $CE, $00, $20, $02
$E1 $CE $04 $20 $02                     .db $E1, $CE, $04, $20, $02
$01 $CE $08 $20 $02                     .db $01, $CE, $08, $20, $02
$C1 $EE $40 $20 $02                     .db $C1, $EE, $40, $20, $02
$E1 $EE $44 $20 $02                     .db $E1, $EE, $44, $20, $02
$01 $EE $48 $20 $02                     .db $01, $EE, $48, $20, $02
$C1 $0E $80 $20 $02                     .db $C1, $0E, $80, $20, $02
$E1 $0E $84 $20 $02                     .db $E1, $0E, $84, $20, $02
$01 $0E $88 $20 $02                     .db $01, $0E, $88, $20, $02
$C9 $2E $C1 $20 $00                     .db $C9, $2E, $C1, $20, $00
$D9 $2E $C3 $20 $00                     .db $D9, $2E, $C3, $20, $00
$E9 $2E $C5 $20 $00                     .db $E9, $2E, $C5, $20, $00
$F9 $2E $C7 $20 $00                     .db $F9, $2E, $C7, $20, $00
$09 $2E $C9 $20 $00                     .db $09, $2E, $C9, $20, $00
$11 $2E $CA $20 $00                     .db $11, $2E, $CA, $20, $00
$21 $EE $4C $20 $00                     .db $21, $EE, $4C, $20, $00
$21 $FE $6C $20 $00                     .db $21, $FE, $6C, $20, $00
$21 $0E $8C $20 $00                     .db $21, $0E, $8C, $20, $00
$1A $DE $6E $20 $00                     .db $1A, $DE, $6E, $20, $00
$19 $CE $4E $20 $00                     .db $19, $CE, $4E, $20, $00
$C4 $3E $0C $20 $02                     .db $C4, $3E, $0C, $20, $02
$03 $3E $AC $20 $02                     .db $03, $3E, $AC, $20, $02
$10 $C2 $8E $20 $00                     .db $10, $C2, $8E, $20, $00
$E0 $00 $00 $00 $00 $E0 $00 $00 $00 $00 .db $E0, $00, $00, $00, $00, $E0, $00, $00, $00, $00
$E0 $00 $00 $00 $00 $E0 $00 $00 $00 $00 .db $E0, $00, $00, $00, $00, $E0, $00, $00, $00, $00
$80                                     .db $80 ;end of data
                                        ;----------------
                                        earth5:
$C3 $CF $00 $20 $02                     .db $C3, $CF, $00, $20, $02
$E3 $CF $04 $20 $02                     .db $E3, $CF, $04, $20, $02
$03 $CF $08 $20 $02                     .db $03, $CF, $08, $20, $02
$C3 $EF $40 $20 $02                     .db $C3, $EF, $40, $20, $02
$E3 $EF $44 $20 $02                     .db $E3, $EF, $44, $20, $02
$03 $EF $48 $20 $02                     .db $03, $EF, $48, $20, $02
$C3 $0F $80 $20 $02                     .db $C3, $0F, $80, $20, $02
$E3 $0F $84 $20 $02                     .db $E3, $0F, $84, $20, $02
$03 $0F $88 $20 $02                     .db $03, $0F, $88, $20, $02
$CB $2F $C1 $20 $00                     .db $CB, $2F, $C1, $20, $00
$DB $2F $C3 $20 $00                     .db $DB, $2F, $C3, $20, $00
$EB $2F $C5 $20 $00                     .db $EB, $2F, $C5, $20, $00
$FB $2F $C7 $20 $00                     .db $FB, $2F, $C7, $20, $00
$0B $2F $C9 $20 $00                     .db $0B, $2F, $C9, $20, $00
$13 $2F $CA $20 $00                     .db $13, $2F, $CA, $20, $00
$05 $3F $AC $20 $02                     .db $05, $3F, $AC, $20, $02
$23 $EF $4C $20 $00                     .db $23, $EF, $4C, $20, $00
$23 $FF $6C $20 $00                     .db $23, $FF, $6C, $20, $00
$23 $0F $8C $20 $00                     .db $23, $0F, $8C, $20, $00
$29 $DF $8E $20 $00                     .db $29, $DF, $8E, $20, $00
$2D $CF $6E $20 $00                     .db $2D, $CF, $6E, $20, $00
$C3 $3F $0C $20 $02                     .db $C3, $3F, $0C, $20, $02
$31 $C0 $4E $20 $00                     .db $31, $C0, $4E, $20, $00
$E3 $3F $B0 $E0 $00                     .db $E3, $3F, $B0, $E0, $00
$E0 $00 $00 $00 $00 $E0 $00 $00 $00 $00 .db $E0, $00, $00, $00, $00, $E0, $00, $00, $00, $00
$E0 $00 $00 $00 $00 $E0 $00 $00 $00 $00 .db $E0, $00, $00, $00, $00, $E0, $00, $00, $00, $00
$80                                     .db $80 ;end of data
                                        ;----------------
                                        earth6:
$C4 $D0 $00 $20 $02                     .db $C4, $D0, $00, $20, $02
$E4 $D0 $04 $20 $02                     .db $E4, $D0, $04, $20, $02
$04 $D0 $08 $20 $02                     .db $04, $D0, $08, $20, $02
$C4 $F0 $40 $20 $02                     .db $C4, $F0, $40, $20, $02
$E4 $F0 $44 $20 $02                     .db $E4, $F0, $44, $20, $02
$04 $F0 $48 $20 $02                     .db $04, $F0, $48, $20, $02
$C4 $10 $80 $20 $02                     .db $C4, $10, $80, $20, $02
$E4 $10 $84 $20 $02                     .db $E4, $10, $84, $20, $02
$04 $10 $88 $20 $02                     .db $04, $10, $88, $20, $02
$CC $30 $C1 $20 $00                     .db $CC, $30, $C1, $20, $00
$DC $30 $C3 $20 $00                     .db $DC, $30, $C3, $20, $00
$EC $30 $C5 $20 $00                     .db $EC, $30, $C5, $20, $00
$FC $30 $C7 $20 $00                     .db $FC, $30, $C7, $20, $00
$0C $30 $C9 $20 $00                     .db $0C, $30, $C9, $20, $00
$14 $30 $CA $20 $00                     .db $14, $30, $CA, $20, $00
$04 $40 $AC $20 $02                     .db $04, $40, $AC, $20, $02
$C6 $40 $0C $20 $02                     .db $C6, $40, $0C, $20, $02
$24 $F0 $4C $20 $00                     .db $24, $F0, $4C, $20, $00
$24 $00 $6C $20 $00                     .db $24, $00, $6C, $20, $00
$24 $10 $8C $20 $00                     .db $24, $10, $8C, $20, $00
$34 $EB $4E $20 $00                     .db $34, $EB, $4E, $20, $00
$40 $E0 $8E $20 $00                     .db $40, $E0, $8E, $20, $00
$E0 $00 $00 $00 $00 $E0 $00 $00 $00 $00 .db $E0, $00, $00, $00, $00, $E0, $00, $00, $00, $00
$E0 $00 $00 $00 $00 $E0 $00 $00 $00 $00 .db $E0, $00, $00, $00, $00, $E0, $00, $00, $00, $00
$80                                     .db $80 ;end of data
                                        ;----------------
                                        earth7:
$C4 $D0 $00 $20 $02                     .db $C4, $D0, $00, $20, $02
$E4 $D0 $04 $20 $02                     .db $E4, $D0, $04, $20, $02
$C4 $F0 $40 $20 $02                     .db $C4, $F0, $40, $20, $02
$E4 $F0 $44 $20 $02                     .db $E4, $F0, $44, $20, $02
$04 $F0 $48 $20 $02                     .db $04, $F0, $48, $20, $02
$04 $D0 $08 $20 $00                     .db $04, $D0, $08, $20, $00
$04 $E0 $28 $20 $00                     .db $04, $E0, $28, $20, $00
$C4 $10 $80 $20 $02                     .db $C4, $10, $80, $20, $02
$E4 $10 $84 $20 $02                     .db $E4, $10, $84, $20, $02
$04 $10 $88 $20 $02                     .db $04, $10, $88, $20, $02
$CC $30 $C1 $20 $00                     .db $CC, $30, $C1, $20, $00
$DC $30 $C3 $20 $00                     .db $DC, $30, $C3, $20, $00
$EC $30 $C5 $20 $00                     .db $EC, $30, $C5, $20, $00
$FC $30 $C7 $20 $00                     .db $FC, $30, $C7, $20, $00
$0C $30 $C9 $20 $00                     .db $0C, $30, $C9, $20, $00
$14 $30 $CA $20 $00                     .db $14, $30, $CA, $20, $00
$24 $F0 $4C $20 $00                     .db $24, $F0, $4C, $20, $00
$24 $00 $6C $20 $00                     .db $24, $00, $6C, $20, $00
$24 $10 $8C $20 $00                     .db $24, $10, $8C, $20, $00
$34 $00 $6E $20 $00                     .db $34, $00, $6E, $20, $00
$34 $10 $8E $20 $00                     .db $34, $10, $8E, $20, $00
$40 $05 $4E $20 $00                     .db $40, $05, $4E, $20, $00
$C4 $40 $0C $20 $02                     .db $C4, $40, $0C, $20, $02
$04 $40 $AC $20 $02                     .db $04, $40, $AC, $20, $02
$E4 $40 $0A $20 $00                     .db $E4, $40, $0A, $20, $00
$E0 $00 $00 $00 $00 $E0 $00 $00 $00 $00 .db $E0, $00, $00, $00, $00, $E0, $00, $00, $00, $00
$E0 $00 $00 $00 $00 $E0 $00 $00 $00 $00 .db $E0, $00, $00, $00, $00, $E0, $00, $00, $00, $00
$80                                     .db $80 ;end of data
                                        ;----------------
                                        earth8:
$C4 $CE $00 $20 $02                     .db $C4, $CE, $00, $20, $02
$E4 $CE $04 $20 $02                     .db $E4, $CE, $04, $20, $02
$04 $CE $08 $20 $02                     .db $04, $CE, $08, $20, $02
$C4 $EE $40 $20 $02                     .db $C4, $EE, $40, $20, $02
$E4 $EE $44 $20 $02                     .db $E4, $EE, $44, $20, $02
$04 $EE $48 $20 $02                     .db $04, $EE, $48, $20, $02
$C4 $0E $80 $20 $02                     .db $C4, $0E, $80, $20, $02
$E4 $0E $84 $20 $02                     .db $E4, $0E, $84, $20, $02
$04 $0E $88 $20 $02                     .db $04, $0E, $88, $20, $02
$CC $2E $C1 $20 $00                     .db $CC, $2E, $C1, $20, $00
$DC $2E $C3 $20 $00                     .db $DC, $2E, $C3, $20, $00
$EC $2E $C5 $20 $00                     .db $EC, $2E, $C5, $20, $00
$FC $2E $C7 $20 $00                     .db $FC, $2E, $C7, $20, $00
$0C $2E $C9 $20 $00                     .db $0C, $2E, $C9, $20, $00
$14 $2E $CA $20 $00                     .db $14, $2E, $CA, $20, $00
$C4 $3E $0C $20 $02                     .db $C4, $3E, $0C, $20, $02
$04 $3E $AC $20 $02                     .db $04, $3E, $AC, $20, $02
$24 $EE $4C $20 $00                     .db $24, $EE, $4C, $20, $00
$24 $FE $6C $20 $00                     .db $24, $FE, $6C, $20, $00
$24 $0E $8C $20 $00                     .db $24, $0E, $8C, $20, $00
$24 $1E $4E $20 $00                     .db $24, $1E, $4E, $20, $00
$E0 $00 $00 $00 $00 $E0 $00 $00 $00 $00 .db $E0, $00, $00, $00, $00, $E0, $00, $00, $00, $00
$E0 $00 $00 $00 $00 $E0 $00 $00 $00 $00 .db $E0, $00, $00, $00, $00, $E0, $00, $00, $00, $00
$E0 $00 $00 $00 $00 $E0 $00 $00 $00 $00 .db $E0, $00, $00, $00, $00, $E0, $00, $00, $00, $00
$80                                     .db $80 ;end of data
                                        ;----------------
